// Jest Snapshot v1, https://goo.gl/fbAQLP

exports[`Server Fetch news 1`] = `
Object {
  "data": Object {
    "news": Array [
      Object {
        "date": 1570741200000,
        "id": "1",
      },
    ],
  },
  "errors": undefined,
  "extensions": undefined,
  "http": Object {
    "headers": Headers {
      Symbol(map): Object {},
    },
  },
}
`;
